Γû▓ Next.js 16.1.6 (Turbopack)
- Environments: .env.local

  Creating an optimized production build ...
Γ£ô Compiled successfully in 3.7s
  Running TypeScript ...
  Collecting page data using 11 workers ...
node.exe : ΓÜá Using edge runtime on a page currently 
disables static generation for that page
At line:1 char:1
+ & "C:\Program Files\nodejs/node.exe" "C:\Program 
Files\nodejs/node_mo ...
+ ~~~~~~~~~~~~~~~~~~~~~~~~~~~~~~~~~~~~~~~~~~~~~~~~~~~~~~~~~~~
~~~~~~~~~~
    + CategoryInfo          : NotSpecified: (ΓÜá Using edge  
   ...n for that page:String) [], RemoteException
    + FullyQualifiedErrorId : NativeCommandError
 
  Generating static pages using 11 workers (0/7) ...
  Generating static pages using 11 workers (1/7) 
  Generating static pages using 11 workers (3/7) 
  Generating static pages using 11 workers (5/7) 
Γ£ô Generating static pages using 11 workers (7/7) in 696.9ms
  Finalizing page optimization ...

Route (app)
Γöî Γùï /
Γö£ Γùï /_not-found
Γö£ ╞Æ /icon
Γö£ Γùï /report-scam
Γö£ Γùï /reports
Γö£ Γùï /robots.txt
Γöö Γùï /sitemap.xml


Γùï  (Static)   prerendered as static content
╞Æ  (Dynamic)  server-rendered on demand

